Running Xcode build...                                          
Xcode build done.                                            3.4s
VMServiceFlutterDriver: Connecting to Flutter application at http://127.0.0.1:59794/GUMOkMqZR5w=/
VMServiceFlutterDriver: Isolate found with number: 2599597183567407
VMServiceFlutterDriver: Isolate 2599597183567407 is runnable.
VMServiceFlutterDriver: Isolate is paused at start.
VMServiceFlutterDriver: Attempting to resume isolate
flutter: 00:00 +0: Manual Factory composition preserves the Provider user flow
VMServiceFlutterDriver: Connected to Flutter application.
flutter: Profile Factory scope closed
flutter: Profile Factory scope closed
flutter: 00:04 +1: Annotated Factory composition preserves the Provider user flow
flutter: 00:05 +1: Manual Factory composition preserves the Provider user flow
flutter: Profile Factory scope closed
flutter: Profile Factory scope closed
flutter: 00:08 +2: Provider-only composition preserves the Provider user flow
flutter: 00:12 +3: (tearDownAll)
flutter: 00:12 +4: All tests passed!
All tests passed.
Verified profile flows: {"verifiedCompositions":["Manual Factory composition","Annotated Factory composition","Provider-only composition"],"cyclesPerComposition":2}
