Running Gradle task 'assembleDebug'...                           1,065ms
✓ Built build/app/outputs/flutter-apk/app-debug.apk
Installing build/app/outputs/flutter-apk/app-debug.apk...          225ms
D/WindowLayoutComponentImpl( 5304): Register WindowLayoutInfoListener on Context=com.example.factory_example.MainActivity@ad80b27, of which baseContext=android.app.ContextImpl@6cf3740
D/FlutterJNI( 5304): Sending viewport metrics to the engine.
VMServiceFlutterDriver: Connecting to Flutter application at http://127.0.0.1:59701/hhoPaoF9lIA=/
VMServiceFlutterDriver: Isolate found with number: 6579133101522423
VMServiceFlutterDriver: Isolate 6579133101522423 is runnable.
VMServiceFlutterDriver: Isolate is paused at start.
VMServiceFlutterDriver: Attempting to resume isolate
I/flutter ( 5304): 00:00 +0: Manual Factory composition preserves the Provider user flow
VMServiceFlutterDriver: Connected to Flutter application.
D/FlutterJNI( 5304): Sending viewport metrics to the engine.
D/WindowOnBackDispatcher( 5304): setTopOnBackInvokedCallback (unwrapped): io.flutter.embedding.android.FlutterActivity$1@1cd097a
D/WindowOnBackDispatcher( 5304): setOnBackInvokedCallbackInfo: io.flutter.embedding.android.FlutterActivity$1@1cd097a
D/InsetsController( 5304): hide(ime())
I/ImeTracker( 5304): com.example.factory_example:733f1d76: onCancelled at PHASE_CLIENT_ALREADY_HIDDEN
D/WindowOnBackDispatcher( 5304): setTopOnBackInvokedCallback (unwrapped): android.app.Activity$$ExternalSyntheticLambda0@3e912ba
D/WindowOnBackDispatcher( 5304): setOnBackInvokedCallbackInfo: android.app.Activity$$ExternalSyntheticLambda0@3e912ba
I/flutter ( 5304): Profile Factory scope closed
D/WindowOnBackDispatcher( 5304): setTopOnBackInvokedCallback (unwrapped): io.flutter.embedding.android.FlutterActivity$1@1cd097a
D/WindowOnBackDispatcher( 5304): setOnBackInvokedCallbackInfo: io.flutter.embedding.android.FlutterActivity$1@1cd097a
D/ProfileInstaller( 5304): Installing profile for com.example.factory_example
D/WindowOnBackDispatcher( 5304): setTopOnBackInvokedCallback (unwrapped): android.app.Activity$$ExternalSyntheticLambda0@3e912ba
D/WindowOnBackDispatcher( 5304): setOnBackInvokedCallbackInfo: android.app.Activity$$ExternalSyntheticLambda0@3e912ba
I/flutter ( 5304): Profile Factory scope closed
I/flutter ( 5304): 00:05 +1: Annotated Factory composition preserves the Provider user flow
I/flutter ( 5304): 00:07 +1: Manual Factory composition preserves the Provider user flow
I/flutter ( 5304): Profile Factory scope closed
I/flutter ( 5304): Profile Factory scope closed
I/flutter ( 5304): 00:09 +2: Provider-only composition preserves the Provider user flow
I/flutter ( 5304): 00:14 +3: (tearDownAll)
I/flutter ( 5304): 00:14 +4: All tests passed!
All tests passed.
Verified profile flows: {"verifiedCompositions":["Manual Factory composition","Annotated Factory composition","Provider-only composition"],"cyclesPerComposition":2}
