Running with `skip-validation`. No client-side validation is done.
Publishing factory_provider 1.0.0 to https://pub.dev:
├── CHANGELOG.md (1 KB)
├── CONTEXT.md (2 KB)
├── CONTRIBUTING.md (1 KB)
├── LICENSE (1 KB)
├── README.md (14 KB)
├── SECURITY.md (<1 KB)
├── analysis_options.yaml (<1 KB)
├── example
│   ├── README.md (4 KB)
│   ├── analysis_options.yaml (<1 KB)
│   ├── android
│   │   ├── app
│   │   │   ├── build.gradle.kts (1 KB)
│   │   │   └── src
│   │   │       ├── debug
│   │   │       │   └── AndroidManifest.xml (<1 KB)
│   │   │       ├── main
│   │   │       │   ├── AndroidManifest.xml (2 KB)
│   │   │       │   ├── kotlin
│   │   │       │   │   └── com
│   │   │       │   │       └── example
│   │   │       │   │           └── factory_example
│   │   │       │   │               └── MainActivity.kt (<1 KB)
│   │   │       │   └── res
│   │   │       │       ├── drawable
│   │   │       │       │   └── launch_background.xml (<1 KB)
│   │   │       │       ├── drawable-v21
│   │   │       │       │   └── launch_background.xml (<1 KB)
│   │   │       │       ├── mipmap-hdpi
│   │   │       │       │   └── ic_launcher.png (<1 KB)
│   │   │       │       ├── mipmap-mdpi
│   │   │       │       │   └── ic_launcher.png (<1 KB)
│   │   │       │       ├── mipmap-xhdpi
│   │   │       │       │   └── ic_launcher.png (<1 KB)
│   │   │       │       ├── mipmap-xxhdpi
│   │   │       │       │   └── ic_launcher.png (1 KB)
│   │   │       │       ├── mipmap-xxxhdpi
│   │   │       │       │   └── ic_launcher.png (1 KB)
│   │   │       │       ├── values
│   │   │       │       │   └── styles.xml (<1 KB)
│   │   │       │       └── values-night
│   │   │       │           └── styles.xml (<1 KB)
│   │   │       └── profile
│   │   │           └── AndroidManifest.xml (<1 KB)
│   │   ├── build.gradle.kts (<1 KB)
│   │   ├── gradle
│   │   │   └── wrapper
│   │   │       └── gradle-wrapper.properties (<1 KB)
│   │   ├── gradle.properties (<1 KB)
│   │   └── settings.gradle.kts (<1 KB)
│   ├── ios
│   │   ├── Flutter
│   │   │   ├── AppFrameworkInfo.plist (<1 KB)
│   │   │   ├── Debug.xcconfig (<1 KB)
│   │   │   └── Release.xcconfig (<1 KB)
│   │   ├── Runner
│   │   │   ├── AppDelegate.swift (<1 KB)
│   │   │   ├── Assets.xcassets
│   │   │   │   ├── AppIcon.appiconset
│   │   │   │   │   ├── Contents.json (2 KB)
│   │   │   │   │   ├── Icon-App-1024x1024@1x.png (10 KB)
│   │   │   │   │   ├── Icon-App-20x20@1x.png (<1 KB)
│   │   │   │   │   ├── Icon-App-20x20@2x.png (<1 KB)
│   │   │   │   │   ├── Icon-App-20x20@3x.png (<1 KB)
│   │   │   │   │   ├── Icon-App-29x29@1x.png (<1 KB)
│   │   │   │   │   ├── Icon-App-29x29@2x.png (<1 KB)
│   │   │   │   │   ├── Icon-App-29x29@3x.png (<1 KB)
│   │   │   │   │   ├── Icon-App-40x40@1x.png (<1 KB)
│   │   │   │   │   ├── Icon-App-40x40@2x.png (<1 KB)
│   │   │   │   │   ├── Icon-App-40x40@3x.png (<1 KB)
│   │   │   │   │   ├── Icon-App-60x60@2x.png (<1 KB)
│   │   │   │   │   ├── Icon-App-60x60@3x.png (1 KB)
│   │   │   │   │   ├── Icon-App-76x76@1x.png (<1 KB)
│   │   │   │   │   ├── Icon-App-76x76@2x.png (1 KB)
│   │   │   │   │   └── Icon-App-83.5x83.5@2x.png (1 KB)
│   │   │   │   └── LaunchImage.imageset
│   │   │   │       ├── Contents.json (<1 KB)
│   │   │   │       ├── LaunchImage.png (<1 KB)
│   │   │   │       ├── LaunchImage@2x.png (<1 KB)
│   │   │   │       ├── LaunchImage@3x.png (<1 KB)
│   │   │   │       └── README.md (<1 KB)
│   │   │   ├── Base.lproj
│   │   │   │   ├── LaunchScreen.storyboard (2 KB)
│   │   │   │   └── Main.storyboard (1 KB)
│   │   │   ├── Info.plist (2 KB)
│   │   │   ├── Runner-Bridging-Header.h (<1 KB)
│   │   │   └── SceneDelegate.swift (<1 KB)
│   │   ├── Runner.xcodeproj
│   │   │   ├── project.pbxproj (25 KB)
│   │   │   ├── project.xcworkspace
│   │   │   │   ├── contents.xcworkspacedata (<1 KB)
│   │   │   │   └── xcshareddata
│   │   │   │       ├── IDEWorkspaceChecks.plist (<1 KB)
│   │   │   │       └── WorkspaceSettings.xcsettings (<1 KB)
│   │   │   └── xcshareddata
│   │   │       └── xcschemes
│   │   │           └── Runner.xcscheme (4 KB)
│   │   ├── Runner.xcworkspace
│   │   │   ├── contents.xcworkspacedata (<1 KB)
│   │   │   └── xcshareddata
│   │   │       ├── IDEWorkspaceChecks.plist (<1 KB)
│   │   │       └── WorkspaceSettings.xcsettings (<1 KB)
│   │   └── RunnerTests
│   │       └── RunnerTests.swift (<1 KB)
│   ├── lib
│   │   ├── composition
│   │   │   ├── factories.dart (1 KB)
│   │   │   ├── registry.dart (<1 KB)
│   │   │   └── registry.factory.dart (<1 KB)
│   │   ├── domain
│   │   │   ├── profile_client.dart (<1 KB)
│   │   │   ├── profile_flow_monitor.dart (<1 KB)
│   │   │   ├── session.dart (<1 KB)
│   │   │   └── user_repository.dart (<1 KB)
│   │   ├── main.dart (2 KB)
│   │   ├── main_provider.dart (2 KB)
│   │   ├── memory_profile.dart (7 KB)
│   │   └── presentation
│   │       ├── app.dart (1 KB)
│   │       ├── profile_controller.dart (<1 KB)
│   │       └── profile_page.dart (1 KB)
│   ├── linux
│   │   ├── CMakeLists.txt (4 KB)
│   │   ├── flutter
│   │   │   ├── CMakeLists.txt (2 KB)
│   │   │   ├── generated_plugin_registrant.cc (<1 KB)
│   │   │   ├── generated_plugin_registrant.h (<1 KB)
│   │   │   └── generated_plugins.cmake (<1 KB)
│   │   └── runner
│   │       ├── CMakeLists.txt (<1 KB)
│   │       ├── main.cc (<1 KB)
│   │       ├── my_application.cc (5 KB)
│   │       └── my_application.h (<1 KB)
│   ├── macos
│   │   ├── Flutter
│   │   │   ├── Flutter-Debug.xcconfig (<1 KB)
│   │   │   ├── Flutter-Release.xcconfig (<1 KB)
│   │   │   └── GeneratedPluginRegistrant.swift (<1 KB)
│   │   ├── Runner
│   │   │   ├── AppDelegate.swift (<1 KB)
│   │   │   ├── Assets.xcassets
│   │   │   │   └── AppIcon.appiconset
│   │   │   │       ├── Contents.json (1 KB)
│   │   │   │       ├── app_icon_1024.png (100 KB)
│   │   │   │       ├── app_icon_128.png (5 KB)
│   │   │   │       ├── app_icon_16.png (<1 KB)
│   │   │   │       ├── app_icon_256.png (13 KB)
│   │   │   │       ├── app_icon_32.png (1 KB)
│   │   │   │       ├── app_icon_512.png (35 KB)
│   │   │   │       └── app_icon_64.png (2 KB)
│   │   │   ├── Base.lproj
│   │   │   │   └── MainMenu.xib (23 KB)
│   │   │   ├── Configs
│   │   │   │   ├── AppInfo.xcconfig (<1 KB)
│   │   │   │   ├── Debug.xcconfig (<1 KB)
│   │   │   │   ├── Release.xcconfig (<1 KB)
│   │   │   │   └── Warnings.xcconfig (<1 KB)
│   │   │   ├── DebugProfile.entitlements (<1 KB)
│   │   │   ├── Info.plist (1 KB)
│   │   │   ├── MainFlutterWindow.swift (<1 KB)
│   │   │   └── Release.entitlements (<1 KB)
│   │   ├── Runner.xcodeproj
│   │   │   ├── project.pbxproj (27 KB)
│   │   │   ├── project.xcworkspace
│   │   │   │   └── xcshareddata
│   │   │   │       └── IDEWorkspaceChecks.plist (<1 KB)
│   │   │   └── xcshareddata
│   │   │       └── xcschemes
│   │   │           └── Runner.xcscheme (4 KB)
│   │   ├── Runner.xcworkspace
│   │   │   ├── contents.xcworkspacedata (<1 KB)
│   │   │   └── xcshareddata
│   │   │       └── IDEWorkspaceChecks.plist (<1 KB)
│   │   └── RunnerTests
│   │       └── RunnerTests.swift (<1 KB)
│   ├── pubspec.yaml (<1 KB)
│   ├── test
│   │   ├── example_flow_test.dart (1 KB)
│   │   └── modules_test.dart (1 KB)
│   ├── web
│   │   ├── favicon.png (<1 KB)
│   │   ├── icons
│   │   │   ├── Icon-192.png (5 KB)
│   │   │   ├── Icon-512.png (8 KB)
│   │   │   ├── Icon-maskable-192.png (5 KB)
│   │   │   └── Icon-maskable-512.png (20 KB)
│   │   ├── index.html (1 KB)
│   │   └── manifest.json (<1 KB)
│   └── windows
│       ├── CMakeLists.txt (4 KB)
│       ├── flutter
│       │   ├── CMakeLists.txt (3 KB)
│       │   ├── generated_plugin_registrant.cc (<1 KB)
│       │   ├── generated_plugin_registrant.h (<1 KB)
│       │   └── generated_plugins.cmake (<1 KB)
│       └── runner
│           ├── CMakeLists.txt (1 KB)
│           ├── Runner.rc (2 KB)
│           ├── flutter_window.cpp (2 KB)
│           ├── flutter_window.h (<1 KB)
│           ├── main.cpp (1 KB)
│           ├── resource.h (<1 KB)
│           ├── resources
│           │   └── app_icon.ico (32 KB)
│           ├── runner.exe.manifest (<1 KB)
│           ├── utils.cpp (2 KB)
│           ├── utils.h (<1 KB)
│           ├── win32_window.cpp (8 KB)
│           └── win32_window.h (3 KB)
├── lib
│   ├── factory_provider.dart (<1 KB)
│   └── src
│       ├── factory_change_notifier.dart (1 KB)
│       └── factory_scope.dart (8 KB)
├── packages
│   ├── factory_core
│   │   ├── CHANGELOG.md (1 KB)
│   │   ├── LICENSE (1 KB)
│   │   ├── README.md (<1 KB)
│   │   ├── analysis_options.yaml (<1 KB)
│   │   ├── lib
│   │   │   ├── factory_core.dart (<1 KB)
│   │   │   └── src
│   │   │       ├── annotations.dart (1 KB)
│   │   │       ├── container.dart (17 KB)
│   │   │       ├── factory.dart (4 KB)
│   │   │       └── module.dart (<1 KB)
│   │   ├── pubspec.yaml (<1 KB)
│   │   └── test
│   │       ├── changes_test.dart (9 KB)
│   │       ├── container_test.dart (10 KB)
│   │       └── resolver_test.dart (10 KB)
│   └── factory_generator
│       ├── CHANGELOG.md (<1 KB)
│       ├── LICENSE (1 KB)
│       ├── README.md (1 KB)
│       ├── analysis_options.yaml (<1 KB)
│       ├── build.yaml (<1 KB)
│       ├── lib
│       │   ├── builder.dart (<1 KB)
│       │   ├── factory_generator.dart (<1 KB)
│       │   └── src
│       │       └── factory_module_builder.dart (10 KB)
│       ├── pubspec.yaml (<1 KB)
│       └── test
│           └── factory_module_builder_test.dart (12 KB)
├── pubspec.yaml (<1 KB)
└── test
    ├── factory_change_notifier_test.dart (5 KB)
    └── factory_scope_test.dart (18 KB)

Total compressed archive size: 304 KB.
Wrote package archive at /private/tmp/factory-33-accepted/current/archives/factory_provider.tar.gz
