Resolving dependencies...
Downloading packages...
+ _fe_analyzer_shared 96.0.0 (108.0.0 available)
+ analyzer 10.2.0 (14.4.0 available)
+ args 2.7.0
+ async 2.13.1
+ boolean_selector 2.1.2
+ build 4.0.7 (4.0.11 available)
+ build_config 1.3.3
+ build_daemon 4.1.6
+ build_runner 2.15.1 (2.16.1 available)
+ built_collection 5.1.1
+ built_value 8.13.0
+ characters 1.4.1
+ checked_yaml 2.0.4
+ clock 1.1.3
+ collection 1.19.1
+ convert 3.1.2
+ crypto 3.0.7
+ dart_style 3.1.7 (3.1.13 available)
+ factory_core 1.0.0
+ factory_generator 1.0.0
+ factory_provider 1.0.0
+ fake_async 1.3.3
+ file 7.0.1
+ fixnum 1.1.1
+ flutter 0.0.0 from sdk flutter
+ flutter_test 0.0.0 from sdk flutter
+ glob 2.2.0
+ graphs 2.3.2
+ http_multi_server 3.2.2
+ http_parser 4.1.2
+ io 1.1.0
+ json_annotation 4.12.0
+ leak_tracker 11.0.2
+ leak_tracker_flutter_testing 3.0.10
+ leak_tracker_testing 3.0.2
+ logging 1.3.0
+ matcher 0.12.20
+ material_color_utilities 0.13.0 (0.13.1 available)
+ meta 1.19.0
+ mime 2.1.0
+ nested 1.0.0
+ package_config 2.2.0 (3.0.0 available)
+ path 1.9.1
+ pool 1.5.3
+ provider 6.1.5+1
+ pub_semver 2.2.1
+ pubspec_parse 1.6.0
+ shelf 1.4.2
+ shelf_web_socket 3.0.0
+ sky_engine 0.0.0 from sdk flutter
+ source_gen 4.2.4 (4.3.0 available)
+ source_span 1.10.2
+ stack_trace 1.12.2
+ stream_channel 2.1.4
+ stream_transform 2.1.2
+ string_scanner 1.4.1
+ term_glyph 1.2.2
+ test_api 0.7.12 (0.7.14 available)
+ typed_data 1.4.0
+ vector_math 2.4.3
+ vm_service 15.3.0
+ watcher 1.2.1
+ web 1.1.1
+ web_socket 1.0.1
+ web_socket_channel 3.0.3
+ yaml 3.1.4
Changed 66 dependencies!
9 packages have newer versions incompatible with dependency constraints.
Try `flutter pub outdated` for more information.
Upgrading analysis_options.yaml to exclude build and platform directories.
