Resolving dependencies...
+ _fe_analyzer_shared 67.0.0 (108.0.0 available)
+ analyzer 6.4.1 (14.4.0 available)
+ args 2.7.0
+ async 2.11.0 (2.13.1 available)
+ boolean_selector 2.1.2
+ collection 1.18.0 (1.19.1 available)
+ convert 3.1.1 (3.1.2 available)
+ coverage 1.8.0 (1.15.1 available)
+ crypto 3.0.3 (3.0.7 available)
+ file 7.0.1
+ frontend_server_client 4.0.0
+ glob 2.2.0
+ http_multi_server 3.2.2
+ http_parser 4.0.2 (4.1.2 available)
+ io 1.0.4 (1.1.0 available)
+ js 0.7.1 (0.7.2 available)
+ lints 4.0.0 (6.1.0 available)
+ logging 1.2.0 (1.3.0 available)
+ matcher 0.12.16+1 (0.12.20 available)
+ meta 1.16.0 (1.19.0 available)
+ mime 2.1.0
+ node_preamble 2.0.2
+ package_config 2.1.0 (3.0.0 available)
+ path 1.9.0 (1.9.1 available)
+ pool 1.5.1 (1.5.3 available)
+ pub_semver 2.1.4 (2.2.1 available)
+ shelf 1.4.1 (1.4.2 available)
+ shelf_packages_handler 3.0.2
+ shelf_static 1.1.3
+ shelf_web_socket 2.0.1 (3.0.0 available)
+ source_map_stack_trace 2.1.2
+ source_maps 0.10.14
+ source_span 1.10.2
+ stack_trace 1.11.1 (1.12.2 available)
+ stream_channel 2.1.4
+ string_scanner 1.4.1
+ term_glyph 1.2.2
+ test 1.25.7 (1.32.0 available)
+ test_api 0.7.2 (0.7.14 available)
+ test_core 0.6.4 (0.6.20 available)
+ typed_data 1.3.2 (1.4.0 available)
+ vm_service 14.3.1 (15.3.0 available)
+ watcher 1.1.4 (1.2.1 available)
+ web 0.5.1 (1.1.1 available)
+ web_socket 0.1.6 (1.0.1 available)
+ web_socket_channel 3.0.3
+ webkit_inspection_protocol 1.2.1
+ yaml 3.1.2 (3.1.4 available)
Changed 48 dependencies!
30 packages have newer versions incompatible with dependency constraints.
Try `dart pub outdated` for more information.
Publishing factory_core 1.0.0 to http://127.0.0.1:58082:
├── CHANGELOG.md (1 KB)
├── LICENSE (1 KB)
├── README.md (<1 KB)
├── analysis_options.yaml (<1 KB)
├── lib
│   ├── factory_core.dart (<1 KB)
│   └── src
│       ├── annotations.dart (1 KB)
│       ├── container.dart (17 KB)
│       ├── factory.dart (4 KB)
│       └── module.dart (<1 KB)
├── pubspec.yaml (<1 KB)
└── test
    ├── changes_test.dart (9 KB)
    ├── container_test.dart (10 KB)
    └── resolver_test.dart (10 KB)

Total compressed archive size: 13 KB.
Validating package...

Package has 0 warnings.
The server may enforce additional checks.
