Resolving dependencies...
+ async 2.11.0 (2.13.1 available)
+ boolean_selector 2.1.1 (2.1.2 available)
+ characters 1.3.0 (1.4.1 available)
+ clock 1.1.1 (1.1.3 available)
+ collection 1.18.0 (1.19.1 available)
+ factory_core 1.0.0
+ factory_provider 1.0.0
+ fake_async 1.3.1 (1.3.3 available)
+ flutter 0.0.0 from sdk flutter
+ flutter_test 0.0.0 from sdk flutter
+ leak_tracker 10.0.0 (11.0.2 available)
+ leak_tracker_flutter_testing 2.0.1 (3.0.10 available)
+ leak_tracker_testing 2.0.1 (3.0.2 available)
+ matcher 0.12.16+1 (0.12.20 available)
+ material_color_utilities 0.8.0 (0.13.1 available)
+ meta 1.11.0 (1.19.0 available)
+ nested 1.0.0
+ path 1.9.0 (1.9.1 available)
+ provider 6.1.5+1
+ sky_engine 0.0.99 from sdk flutter
+ source_span 1.10.0 (1.10.2 available)
+ stack_trace 1.11.1 (1.12.2 available)
+ stream_channel 2.1.2 (2.1.4 available)
+ string_scanner 1.2.0 (1.4.1 available)
+ term_glyph 1.2.1 (1.2.2 available)
+ test_api 0.6.1 (0.7.14 available)
+ vector_math 2.1.4 (2.4.3 available)
+ vm_service 13.0.0 (15.3.0 available)
Changed 28 dependencies!
21 packages have newer versions incompatible with dependency constraints.
Try `flutter pub outdated` for more information.
