Resolving dependencies...
Downloading packages...
+ _fe_analyzer_shared 108.0.0
+ analyzer 14.4.0
+ args 2.7.0
+ async 2.13.1
+ boolean_selector 2.1.2
+ cli_config 0.2.0
+ collection 1.19.1
+ convert 3.1.2
+ coverage 1.15.1
+ crypto 3.0.7
! factory_core 1.0.0 from path /private/tmp/factory-33-acceptance/packages/factory_core (overridden in ./pubspec_overrides.yaml)
+ file 7.0.1
+ frontend_server_client 4.0.0
+ glob 2.2.0
+ http_multi_server 3.2.2
+ http_parser 4.1.2
+ io 1.1.0
+ logging 1.3.0
+ matcher 0.12.20
+ meta 1.19.0
+ mime 2.1.0
+ node_preamble 2.0.2
+ package_config 3.0.0
+ path 1.9.1
+ pool 1.5.3
+ pub_semver 2.2.1
+ shelf 1.4.2
+ shelf_packages_handler 3.0.2
+ shelf_static 1.1.3
+ shelf_web_socket 3.0.0
+ source_map_stack_trace 2.1.2
+ source_maps 0.10.14
+ source_span 1.10.2
+ stack_trace 1.12.2
+ stream_channel 2.1.4
+ string_scanner 1.4.1
+ term_glyph 1.2.2
+ test 1.32.0
+ test_api 0.7.14
+ test_core 0.6.20
+ typed_data 1.4.0
+ vm_service 15.3.0
+ watcher 1.2.1
+ web 1.1.1
+ web_socket 1.0.1
+ web_socket_channel 3.0.3
+ webkit_inspection_protocol 1.2.1
+ yaml 3.1.4
Changed 47 dependencies!
Analyzing dart...
No issues found!
00:00 +0: loading test/interfaces_test.dart
00:00 +0: test/async_startup_test.dart: normal exit attempts every resource despite cleanup errors
00:00 +1: test/async_startup_test.dart: normal exit attempts every resource despite cleanup errors
00:00 +2: test/async_startup_test.dart: normal exit attempts every resource despite cleanup errors
00:00 +3: test/async_startup_test.dart: startup and cleanup failures remain observable together
00:00 +4: test/async_startup_test.dart: partial startup closes acquired resources and preserves failure
00:00 +5: test/async_startup_test.dart: ready resources are borrowed and normal exit awaits every owner
00:00 +6: All tests passed!
Resolving dependencies...
Downloading packages...
+ _fe_analyzer_shared 96.0.0 (108.0.0 available)
+ analyzer 10.2.0 (14.4.0 available)
+ args 2.7.0
+ async 2.13.1
+ boolean_selector 2.1.2
+ build 4.0.7 (4.0.11 available)
+ build_config 1.3.3
+ build_daemon 4.1.6
+ build_runner 2.15.1 (2.16.1 available)
+ built_collection 5.1.1
+ built_value 8.13.0
+ characters 1.4.1
+ checked_yaml 2.0.4
+ clock 1.1.3
+ collection 1.19.1
+ convert 3.1.2
+ crypto 3.0.7
+ dart_style 3.1.7 (3.1.13 available)
! factory_core 1.0.0 from path /private/tmp/factory-33-acceptance/packages/factory_core (overridden in ./pubspec_overrides.yaml)
+ factory_generator 1.0.0 from path /private/tmp/factory-33-acceptance/packages/factory_generator
+ factory_provider 1.0.0 from path /private/tmp/factory-33-acceptance
+ fake_async 1.3.3
+ file 7.0.1
+ fixnum 1.1.1
+ flutter 0.0.0 from sdk flutter
+ flutter_test 0.0.0 from sdk flutter
+ glob 2.2.0
+ graphs 2.3.2
+ http_multi_server 3.2.2
+ http_parser 4.1.2
+ io 1.1.0
+ json_annotation 4.12.0
+ leak_tracker 11.0.2
+ leak_tracker_flutter_testing 3.0.10
+ leak_tracker_testing 3.0.2
+ logging 1.3.0
+ matcher 0.12.20
+ material_color_utilities 0.13.0 (0.13.1 available)
+ meta 1.19.0
+ mime 2.1.0
+ nested 1.0.0
+ package_config 2.2.0 (3.0.0 available)
+ path 1.9.1
+ pool 1.5.3
+ provider 6.1.5+1
+ pub_semver 2.2.1
+ pubspec_parse 1.6.0
+ shelf 1.4.2
+ shelf_web_socket 3.0.0
+ sky_engine 0.0.0 from sdk flutter
+ source_gen 4.2.4 (4.3.0 available)
+ source_span 1.10.2
+ stack_trace 1.12.2
+ stream_channel 2.1.4
+ stream_transform 2.1.2
+ string_scanner 1.4.1
+ term_glyph 1.2.2
+ test_api 0.7.12 (0.7.14 available)
+ typed_data 1.4.0
+ vector_math 2.4.3
+ vm_service 15.3.0
+ watcher 1.2.1
+ web 1.1.1
+ web_socket 1.0.1
+ web_socket_channel 3.0.3
+ yaml 3.1.4
Changed 65 dependencies!
9 packages have newer versions incompatible with dependency constraints.
Try `flutter pub outdated` for more information.
Analyzing flutter...
No issues found! (ran in 1.0s)
00:00 +0: loading /private/var/folders/s1/8wyzb0hs6s7bvd4_fwnxdt1r0000gn/T/tmp.tZo5lv7W2u/flutter/test/public_contract_test.dart
00:00 +0: consumer reads manual module
00:00 +1: consumer reads generated module
00:00 +2: All tests passed!
  1s compiling builders/aot
  2s compiling builders/aot
  3s compiling builders/aot
  4s compiling builders/aot
  5s compiling builders/aot
  6s compiling builders/aot
  7s compiling builders/aot
  8s compiling builders/aot
  9s compiling builders/aot
  10s compiling builders/aot
  11s compiling builders/aot
  0s factory_generator:factory_module on 3 inputs; lib/dependencies.dart
W SDK language version 3.13.0 is newer than `analyzer` language version 3.12.0. Run `flutter packages upgrade`.
  3s factory_generator:factory_module on 3 inputs: 1 no-op; spent 2s analyzing; lib/registry.dart
  4s factory_generator:factory_module on 3 inputs: 1 output, 2 no-op; spent 2s analyzing
  Built with build_runner/aot in 15s; wrote 1 output.
00:00 +0: loading /private/var/folders/s1/8wyzb0hs6s7bvd4_fwnxdt1r0000gn/T/tmp.tZo5lv7W2u/flutter/test/public_contract_test.dart
00:00 +0: consumer reads manual module
00:00 +1: consumer reads generated module
00:00 +2: All tests passed!
Resolving dependencies...
Downloading packages...
+ _fe_analyzer_shared 96.0.0 (108.0.0 available)
+ analyzer 10.2.0 (14.4.0 available)
+ args 2.7.0
+ async 2.13.1
+ boolean_selector 2.1.2
+ build 4.0.7 (4.0.11 available)
+ build_config 1.3.3
+ build_daemon 4.1.6
+ build_runner 2.15.1 (2.16.1 available)
+ built_collection 5.1.1
+ built_value 8.13.0
+ checked_yaml 2.0.4
+ cli_config 0.2.0
+ collection 1.19.1
+ convert 3.1.2
+ coverage 1.15.1
+ crypto 3.0.7
+ dart_style 3.1.7 (3.1.13 available)
! factory_core 1.0.0 from path /private/tmp/factory-33-acceptance/packages/factory_core (overridden in ./pubspec_overrides.yaml)
+ factory_generator 1.0.0 from path /private/tmp/factory-33-acceptance/packages/factory_generator
+ file 7.0.1
+ fixnum 1.1.1
+ frontend_server_client 4.0.0
+ glob 2.2.0
+ graphs 2.3.2
+ http_multi_server 3.2.2
+ http_parser 4.1.2
+ io 1.1.0
+ json_annotation 4.12.0
+ logging 1.3.0
+ matcher 0.12.20
+ meta 1.19.0
+ mime 2.1.0
+ node_preamble 2.0.2
+ package_config 2.2.0 (3.0.0 available)
+ path 1.9.1
+ pool 1.5.3
+ pub_semver 2.2.1
+ pubspec_parse 1.6.0
+ shelf 1.4.2
+ shelf_packages_handler 3.0.2
+ shelf_static 1.1.3
+ shelf_web_socket 3.0.0
+ source_gen 4.2.4 (4.3.0 available)
+ source_map_stack_trace 2.1.2
+ source_maps 0.10.14
+ source_span 1.10.2
+ stack_trace 1.12.2
+ stream_channel 2.1.4
+ stream_transform 2.1.2
+ string_scanner 1.4.1
+ term_glyph 1.2.2
+ test 1.31.1 (1.32.0 available)
+ test_api 0.7.12 (0.7.14 available)
+ test_core 0.6.18 (0.6.20 available)
+ typed_data 1.4.0
+ vm_service 15.3.0
+ watcher 1.2.1
+ web 1.1.1
+ web_socket 1.0.1
+ web_socket_channel 3.0.3
+ webkit_inspection_protocol 1.2.1
+ yaml 3.1.4
Changed 62 dependencies!
10 packages have newer versions incompatible with dependency constraints.
Try `dart pub outdated` for more information.
Analyzing dart_generated...
No issues found!
00:00 +0: loading test/public_contract_test.dart
00:00 +0: test/public_contract_test.dart: Dart generated and manual modules resolve the public declaration
00:00 +1: test/public_contract_test.dart: Dart generated and manual modules resolve the public declaration
00:00 +2: All tests passed!
  1s compiling builders/aot
  2s compiling builders/aot
  3s compiling builders/aot
  4s compiling builders/aot
  5s compiling builders/aot
  6s compiling builders/aot
  7s compiling builders/aot
  8s compiling builders/aot
  9s compiling builders/aot
  10s compiling builders/aot
  0s factory_generator:factory_module on 3 inputs; lib/dependencies.dart
W SDK language version 3.13.0 is newer than `analyzer` language version 3.12.0. Run `flutter packages upgrade`.
  1s factory_generator:factory_module on 3 inputs: 1 output, 2 no-op
  Built with build_runner/aot in 12s; wrote 1 output.
00:00 +0: loading test/public_contract_test.dart
00:00 +0: test/public_contract_test.dart: Dart generated and manual modules resolve the public declaration
00:00 +1: test/public_contract_test.dart: Dart generated and manual modules resolve the public declaration
00:00 +2: All tests passed!
